1 environments :
uid             owner                date             label         status         comment                                                                                         
----------------------------------------------------------------------------------------------                                                                                     
mockedEnv-03333 testLogLinks.Manager 07/14/2013 10:00 mocked env 03 RUNNING -1% :  no comment                                                                                      
