INSERT INTO faq_q (id, question, reponse, fichier, theme, rang, url, url_label) VALUES (47, 'Quelles sont les modalit&eacute;s pratiques en mati&egrave;re de r&eacute;gime additionnel', 'DISPOSITIF DE RETRAITE ADDITIONNELLE:
Ce nouveau dispositif  bas&eacute; sur les primes, est  en vigueur depuis le 01/01/05 (d&eacute;cret n&deg; 2004-569 du 18/06/2004 ) L&#039;assiette de cotisation est constitu&eacute;e par les &eacute;l&eacute;ments de r&eacute;mun&eacute;ration per&ccedil;us &agrave; l&#039;exception de ceux qui entrent dans l&#039;assiette du calcul des pensions (traitement indiciaire brut). Ces &eacute;l&eacute;ments sont pris en compte dans la limite de 20% du traitement indiciaire brut.

Le taux global de cotisation est de 10% r&eacute;parti &agrave; parts &eacute;gales entre l&#039;employeur et le b&eacute;n&eacute;ficiaire. 
le pr&eacute;l&egrave;vement de cette cotisation est obligatoire &agrave; partir du 01/01/05.

Si la personne part &agrave; la retraite peu de temps apr&egrave;s cette date, elle n&#039;aura pas cotis&eacute; suffisamment pour b&eacute;n&eacute;ficier d&#039;une rente mais elle touchera un capital qui lui sera vers&eacute; &agrave; compter de ses 60 ans.
Les informations concernant le nombre de points acquis seront transmises par informatique directement par le Minist&egrave;re des Finances aux responsables du GIP&quot;\u003B r&eacute;gime additionnel&quot;\u003B
Pour toucher cette retraite compl&eacute;mentaire, il faudra avoir 60 ans,et avoir &eacute;t&eacute; radi&eacute; des cadres 

les premiers versements de cette prestation n&#039;interviendront que dans le courant du 1er semestre de l&#039;ann&eacute;e 2006.

Pour l&#039;ann&eacute;e 2005-2006, un dispositif transitoire est mis en place:
 
1) demande conjointe &agrave; la demande de mise &agrave; la retraite:

aucune formalit&eacute; particuli&egrave;re n&#039;est exig&eacute;e de la part des fonctionnaires dont la demande de mise &agrave; la retraite a &eacute;t&eacute; ou sera formul&eacute;e pendant la p&eacute;riode transitoire.
- la demande de mise &agrave; la retraite vaudra demande de liquidation de la prestation additionnelle.
- la date d&#039;effet de la prestation coincidera par d&eacute;faut avec la date d&#039;effet de la pension principale ou avec le 1er jour du mois suivant le 60&egrave;me anniversaire, si la mise &agrave; la retraite prend effet avant cette date.

2) demande disjointe de la demande de mise &agrave; la retraite: 

si le fonctionnaire souhaite fixer une autre date d&#039;effet (post&eacute;rieure &agrave; sa date de retraite de fonctionnaire), il lui appartiendra d&#039;utiliser le formulaire de demande d&eacute;mat&eacute;rialis&eacute;e qui sera disponible au plus t&ocirc;t en fin d&#039;ann&eacute;e 2005 sur le site : 
#http://www.erafp.com

il ne faut en aucun cas souscrire une demande sp&eacute;cifique sur  support papier.

Pour les demandes de r&eacute;version de la prestation additionnelle: aucune formalit&eacute; particuli&egrave;re n&#039;est exig&eacute;e de la part des ayants cause. La demande de r&eacute;version vaut &eacute;galement demande de liquidation de la prestation additionnelle d&#039;ayant cause. 
', '', 7, 0, '', '');
